[ERROR] Line 1:7 token recognition error at: '"helloworld)\n'
[ERROR] Line 2:1 mismatched input '<EOF>' expecting {'(', ')', '+', '-', 'true', 'false', ID, SYMBOL, DOUBLE, INT, STRING}
